


ARM Macro Assembler    Page 1 


    1 00000000 42000000 
                       PERIPH_BB_BASE
                               EQU              0x42000000
    2 00000000 40000000 
                       PERIPH_BASE
                               EQU              0x40000000
    3 00000000         
    4 00000000 40021014 
                       RCC_AHBENR
                               EQU              0x40021014
    5 00000000 00000015 
                       RCC_AHBENR_IOPEEN
                               EQU              21
    6 00000000         
    7 00000000 48001000 
                       GPIOE_REG
                               EQU              0x48001000
    8 00000000         
    9 00000000 48001014 
                       GPIOE_ODR
                               EQU              0x48001014
   10 00000000         
   11 00000000 0000001F 
                       GPIOE_MODER_15_H
                               EQU              31
   12 00000000 0000001E 
                       GPIOE_MODER_15_L
                               EQU              30
   13 00000000         
   14 00000000 40011004 
                       GPIOC_CRH
                               EQU              0x40011004
   15 00000000 4001100C 
                       GPIOC_ODR
                               EQU              0x4001100C
   16 00000000         
   17 00000000 00000004 
                       RCC_APB2ENR_IOPCEN_N
                               EQU              4
   18 00000000 00000014 
                       GPIO_CRH_MODE13_0_N
                               EQU              20
   19 00000000 0000000D 
                       GPIO_ODR_ODR13_N
                               EQU              13
   20 00000000         
   21 00000000                 END
Command Line: --debug --xref --diag_suppress=9931 --cpu=Cortex-M4.fp.sp --apcs=
interwork --depend=.\objects\stm32f446re.d -o.\objects\stm32f446re.o -I.\inc -I
C:\Users\Alex_Ch\AppData\Local\Arm\Packs\Keil\STM32F4xx_DFP\2.16.0\Drivers\CMSI
S\Device\ST\STM32F4xx\Include --predefine="__EVAL SETA 1" --predefine="__UVISIO
N_VERSION SETA 536" --predefine="STM32F446xx SETA 1" --list=.\listings\stm32f44
6re.lst inc\stm32f446re.asm



ARM Macro Assembler    Page 1 Alphabetic symbol ordering
Absolute symbols

GPIOC_CRH 40011004

Symbol: GPIOC_CRH
   Definitions
      At line 14 in file inc\stm32f446re.asm
   Uses
      None
Comment: GPIOC_CRH unused
GPIOC_ODR 4001100C

Symbol: GPIOC_ODR
   Definitions
      At line 15 in file inc\stm32f446re.asm
   Uses
      None
Comment: GPIOC_ODR unused
GPIOE_MODER_15_H 0000001F

Symbol: GPIOE_MODER_15_H
   Definitions
      At line 11 in file inc\stm32f446re.asm
   Uses
      None
Comment: GPIOE_MODER_15_H unused
GPIOE_MODER_15_L 0000001E

Symbol: GPIOE_MODER_15_L
   Definitions
      At line 12 in file inc\stm32f446re.asm
   Uses
      None
Comment: GPIOE_MODER_15_L unused
GPIOE_ODR 48001014

Symbol: GPIOE_ODR
   Definitions
      At line 9 in file inc\stm32f446re.asm
   Uses
      None
Comment: GPIOE_ODR unused
GPIOE_REG 48001000

Symbol: GPIOE_REG
   Definitions
      At line 7 in file inc\stm32f446re.asm
   Uses
      None
Comment: GPIOE_REG unused
GPIO_CRH_MODE13_0_N 00000014

Symbol: GPIO_CRH_MODE13_0_N
   Definitions
      At line 18 in file inc\stm32f446re.asm
   Uses
      None
Comment: GPIO_CRH_MODE13_0_N unused
GPIO_ODR_ODR13_N 0000000D

Symbol: GPIO_ODR_ODR13_N



ARM Macro Assembler    Page 2 Alphabetic symbol ordering
Absolute symbols

   Definitions
      At line 19 in file inc\stm32f446re.asm
   Uses
      None
Comment: GPIO_ODR_ODR13_N unused
PERIPH_BASE 40000000

Symbol: PERIPH_BASE
   Definitions
      At line 2 in file inc\stm32f446re.asm
   Uses
      None
Comment: PERIPH_BASE unused
PERIPH_BB_BASE 42000000

Symbol: PERIPH_BB_BASE
   Definitions
      At line 1 in file inc\stm32f446re.asm
   Uses
      None
Comment: PERIPH_BB_BASE unused
RCC_AHBENR 40021014

Symbol: RCC_AHBENR
   Definitions
      At line 4 in file inc\stm32f446re.asm
   Uses
      None
Comment: RCC_AHBENR unused
RCC_AHBENR_IOPEEN 00000015

Symbol: RCC_AHBENR_IOPEEN
   Definitions
      At line 5 in file inc\stm32f446re.asm
   Uses
      None
Comment: RCC_AHBENR_IOPEEN unused
RCC_APB2ENR_IOPCEN_N 00000004

Symbol: RCC_APB2ENR_IOPCEN_N
   Definitions
      At line 17 in file inc\stm32f446re.asm
   Uses
      None
Comment: RCC_APB2ENR_IOPCEN_N unused
13 symbols
346 symbols in table
