<html>
<body>
<pre>
<h1>µVision Build Log</h1>
<h2>Project:</h2>
E:\github\KeilAssembler\Lesson006\lesson006.uvproj
Project File Date:  10/28/2022

<h2>Output:</h2>
Rebuild target 'Target 1'
assembling main.s...
assembling Hed98428.s...
linking...
Program Size: Code=16 RO-data=8 RW-data=0 ZI-data=0  
FromELF: creating hex file...
".\lesson006.axf" - 0 Error(s), 0 Warning(s).
Load "E:\\github\\KeilAssembler\\Lesson006\\lesson006.axf" 
Full Chip Erase Done.
Programming Done.
Verify OK.
Application running...
</pre>
</body>
</html>
