


ARM Macro Assembler    Page 1 


    1 00000000                 GET              stm32f103c8.asm
    1 00000000         ; User LED connected to PC13
    2 00000000         ; https://stm32-base.org/boards/STM32F103C8T6-STM32-Smar
                       t-V2.0#User-LED
    3 00000000 42000000 
                       PERIPH_BB_BASE
                               EQU              0x42000000  ; Periferial bit-ba
                                                            nding alias
    4 00000000 40000000 
                       PERIPH_BASE
                               EQU              0x40000000  ; Peripheral bit-ba
                                                            nd region
    5 00000000         
    6 00000000 40021018 
                       RCC_APB2ENR
                               EQU              0x40021018  ; RCC 0x4002 1000 +
                                                             RCC_APB2ENR Addres
                                                            s: 0x18
    7 00000000 00000004 
                       RCC_APB2ENR_IOPCEN_N
                               EQU              4           ; Bit 4 IOPCEN: I/O
                                                             port C clock enabl
                                                            e
    8 00000000         
    9 00000000 40011000 
                       GPIOC_REG
                               EQU              0x40011000
   10 00000000         
   11 00000000 40011004 
                       GPIOC_CRH
                               EQU              0x40011004  ; Address offset: 0
                                                            x04
   12 00000000 4001100C 
                       GPIOC_ODR
                               EQU              0x4001100C  ; Address offset: 0
                                                            x0C
   13 00000000         
   14 00000000 00000014 
                       GPIOC_CRH_MODE13_0_N
                               EQU              20
   15 00000000 0000000D 
                       GPIO_ODR_ODR13_N
                               EQU              13
   16 00000000         
   17 00000000 00000010 
                       GPIOC_BSRR
                               EQU              0x10        ; Address offset: 0
                                                            x10 - BS13=13 & BR1
                                                            3=29
   18 00000000         
   19 00000000                 END
    2 00000000 00000400 
                       Stack_Size
                               EQU              0x400
    3 00000000 20000400 
                       top_of_stack
                               EQU              0x20000000 + Stack_Size
    4 00000000         
    5 00000000                 PRESERVE8



ARM Macro Assembler    Page 2 


    6 00000000                 THUMB
    7 00000000         
    8 00000000                 AREA             RESET, DATA, READONLY
    9 00000000 20000400        DCD              top_of_stack ;Top of Stack
   10 00000004 00000000        DCD              Start
   11 00000008         
   12 00000008                 AREA             |.text|, CODE, READONLY
   13 00000000         
   14 00000000                 ENTRY
   15 00000000         
   16 00000000         Start   PROC
   17 00000000         
   18 00000000 F04F 0000       MOV              R0, #0
   19 00000004 F04F 0101       MOV              R1, #1
   20 00000008         
   21 00000008 4A08            LDR              R2, =(PERIPH_BB_BASE + (RCC_APB
2ENR - PERIPH_BASE) * 32 + RCC_APB2ENR_IOPCEN_N * 4)
   22 0000000A 6011            STR              R1, [R2]
   23 0000000C         
   24 0000000C 4A08            LDR              R2, =(PERIPH_BB_BASE + (GPIOC_C
RH - PERIPH_BASE) * 32 + GPIOC_CRH_MODE13_0_N * 4)
   25 0000000E 6011            STR              R1, [R2]
   26 00000010         
   27 00000010 4A08            LDR              R2, =(PERIPH_BB_BASE + (GPIOC_O
DR - PERIPH_BASE) * 32 + GPIO_ODR_ODR13_N * 4)
   28 00000012 6011            STR              R1, [R2]
   29 00000014         
   30 00000014         
   31 00000014         
   32 00000014         loop
   33 00000014 6010            STR              R0, [R2]
   34 00000016 F7FF FFFE       BL               DELAY
   35 0000001A 6011            STR              R1, [R2]
   36 0000001C F7FF FFFE       BL               DELAY
   37 00000020 E7F8            B                loop
   38 00000022         
   39 00000022         
   40 00000022                 ENDP
   41 00000022         
   42 00000022         DELAY   PROC
   43 00000022 F44F 1380       MOV              R3, #0x00100000
   44 00000026         delay_loop
   45 00000026 1E5B            SUBS             R3, R3, #1
   46 00000028 D1FD            BNE              delay_loop
   47 0000002A 4770            BX               LR
   48 0000002C         
   49 0000002C                 ENDP
   50 0000002C         
   51 0000002C                 ALIGN
   52 0000002C                 END
              42420310 
              422200D0 
              422201B4 
Command Line: --debug --xref --diag_suppress=9931 --cpu=Cortex-M3 --apcs=interw
ork --depend=.\objects\main.d -o.\objects\main.o -I.\inc -IC:\Users\Alex_Ch\App
Data\Local\Arm\Packs\Keil\STM32F1xx_DFP\2.4.0\Device\Include --predefine="__EVA
L SETA 1" --predefine="__UVISION_VERSION SETA 536" --predefine="STM32F10X_MD SE
TA 1" --list=.\listings\main.lst user\main.s



ARM Macro Assembler    Page 1 Alphabetic symbol ordering
Relocatable symbols

RESET 00000000

Symbol: RESET
   Definitions
      At line 8 in file user\main.s
   Uses
      None
Comment: RESET unused
1 symbol



ARM Macro Assembler    Page 1 Alphabetic symbol ordering
Relocatable symbols

.text 00000000

Symbol: .text
   Definitions
      At line 12 in file user\main.s
   Uses
      None
Comment: .text unused
DELAY 00000022

Symbol: DELAY
   Definitions
      At line 42 in file user\main.s
   Uses
      At line 34 in file user\main.s
      At line 36 in file user\main.s

Start 00000000

Symbol: Start
   Definitions
      At line 16 in file user\main.s
   Uses
      At line 10 in file user\main.s
Comment: Start used once
delay_loop 00000026

Symbol: delay_loop
   Definitions
      At line 44 in file user\main.s
   Uses
      At line 46 in file user\main.s
Comment: delay_loop used once
loop 00000014

Symbol: loop
   Definitions
      At line 32 in file user\main.s
   Uses
      At line 37 in file user\main.s
Comment: loop used once
5 symbols



ARM Macro Assembler    Page 1 Alphabetic symbol ordering
Absolute symbols

GPIOC_BSRR 00000010

Symbol: GPIOC_BSRR
   Definitions
      At line 17 in file .\inc\stm32f103c8.asm
   Uses
      None
Comment: GPIOC_BSRR unused
GPIOC_CRH 40011004

Symbol: GPIOC_CRH
   Definitions
      At line 11 in file .\inc\stm32f103c8.asm
   Uses
      At line 24 in file user\main.s
Comment: GPIOC_CRH used once
GPIOC_CRH_MODE13_0_N 00000014

Symbol: GPIOC_CRH_MODE13_0_N
   Definitions
      At line 14 in file .\inc\stm32f103c8.asm
   Uses
      At line 24 in file user\main.s
Comment: GPIOC_CRH_MODE13_0_N used once
GPIOC_ODR 4001100C

Symbol: GPIOC_ODR
   Definitions
      At line 12 in file .\inc\stm32f103c8.asm
   Uses
      At line 27 in file user\main.s
Comment: GPIOC_ODR used once
GPIOC_REG 40011000

Symbol: GPIOC_REG
   Definitions
      At line 9 in file .\inc\stm32f103c8.asm
   Uses
      None
Comment: GPIOC_REG unused
GPIO_ODR_ODR13_N 0000000D

Symbol: GPIO_ODR_ODR13_N
   Definitions
      At line 15 in file .\inc\stm32f103c8.asm
   Uses
      At line 27 in file user\main.s
Comment: GPIO_ODR_ODR13_N used once
PERIPH_BASE 40000000

Symbol: PERIPH_BASE
   Definitions
      At line 4 in file .\inc\stm32f103c8.asm
   Uses
      At line 21 in file user\main.s
      At line 24 in file user\main.s
      At line 27 in file user\main.s

PERIPH_BB_BASE 42000000



ARM Macro Assembler    Page 2 Alphabetic symbol ordering
Absolute symbols


Symbol: PERIPH_BB_BASE
   Definitions
      At line 3 in file .\inc\stm32f103c8.asm
   Uses
      At line 21 in file user\main.s
      At line 24 in file user\main.s
      At line 27 in file user\main.s

RCC_APB2ENR 40021018

Symbol: RCC_APB2ENR
   Definitions
      At line 6 in file .\inc\stm32f103c8.asm
   Uses
      At line 21 in file user\main.s
Comment: RCC_APB2ENR used once
RCC_APB2ENR_IOPCEN_N 00000004

Symbol: RCC_APB2ENR_IOPCEN_N
   Definitions
      At line 7 in file .\inc\stm32f103c8.asm
   Uses
      At line 21 in file user\main.s
Comment: RCC_APB2ENR_IOPCEN_N used once
Stack_Size 00000400

Symbol: Stack_Size
   Definitions
      At line 2 in file user\main.s
   Uses
      At line 3 in file user\main.s
Comment: Stack_Size used once
top_of_stack 20000400

Symbol: top_of_stack
   Definitions
      At line 3 in file user\main.s
   Uses
      At line 9 in file user\main.s
Comment: top_of_stack used once
12 symbols
353 symbols in table
