


ARM Macro Assembler    Page 1 


    1 00000000         ; User LED connected to PC13
    2 00000000         ; https://stm32-base.org/boards/STM32F103C8T6-STM32-Smar
                       t-V2.0#User-LED
    3 00000000 42000000 
                       PERIPH_BB_BASE
                               EQU              0x42000000  ; Periferial bit-ba
                                                            nding alias
    4 00000000 40000000 
                       PERIPH_BASE
                               EQU              0x40000000  ; Peripheral bit-ba
                                                            nd region
    5 00000000         
    6 00000000 40021018 
                       RCC_APB2ENR
                               EQU              0x40021018  ; RCC 0x4002 1000 +
                                                             RCC_APB2ENR Addres
                                                            s: 0x18
    7 00000000 00000004 
                       RCC_APB2ENR_IOPCEN_N
                               EQU              4           ; Bit 4 IOPCEN: I/O
                                                             port C clock enabl
                                                            e
    8 00000000         
    9 00000000 40011000 
                       GPIOC_REG
                               EQU              0x40011000
   10 00000000         
   11 00000000 40011004 
                       GPIOC_CRH
                               EQU              0x40011004  ; Address offset: 0
                                                            x04
   12 00000000 4001100C 
                       GPIOC_ODR
                               EQU              0x4001100C  ; Address offset: 0
                                                            x0C
   13 00000000         
   14 00000000 00000014 
                       GPIOC_CRH_MODE13_0_N
                               EQU              20
   15 00000000 0000000D 
                       GPIO_ODR_ODR13_N
                               EQU              13
   16 00000000         
   17 00000000 00000010 
                       GPIOC_BSRR
                               EQU              0x10        ; Address offset: 0
                                                            x10 - BS13=13 & BR1
                                                            3=29
   18 00000000         
   19 00000000                 END
Command Line: --debug --xref --diag_suppress=9931 --cpu=Cortex-M3 --apcs=interw
ork --depend=.\objects\stm32f103c8.d -o.\objects\stm32f103c8.o -I.\inc -IC:\Use
rs\Alex_Ch\AppData\Local\Arm\Packs\Keil\STM32F1xx_DFP\2.4.0\Device\Include --pr
edefine="__EVAL SETA 1" --predefine="__UVISION_VERSION SETA 536" --predefine="S
TM32F10X_MD SETA 1" --list=.\listings\stm32f103c8.lst inc\stm32f103c8.asm



ARM Macro Assembler    Page 1 Alphabetic symbol ordering
Absolute symbols

GPIOC_BSRR 00000010

Symbol: GPIOC_BSRR
   Definitions
      At line 17 in file inc\stm32f103c8.asm
   Uses
      None
Comment: GPIOC_BSRR unused
GPIOC_CRH 40011004

Symbol: GPIOC_CRH
   Definitions
      At line 11 in file inc\stm32f103c8.asm
   Uses
      None
Comment: GPIOC_CRH unused
GPIOC_CRH_MODE13_0_N 00000014

Symbol: GPIOC_CRH_MODE13_0_N
   Definitions
      At line 14 in file inc\stm32f103c8.asm
   Uses
      None
Comment: GPIOC_CRH_MODE13_0_N unused
GPIOC_ODR 4001100C

Symbol: GPIOC_ODR
   Definitions
      At line 12 in file inc\stm32f103c8.asm
   Uses
      None
Comment: GPIOC_ODR unused
GPIOC_REG 40011000

Symbol: GPIOC_REG
   Definitions
      At line 9 in file inc\stm32f103c8.asm
   Uses
      None
Comment: GPIOC_REG unused
GPIO_ODR_ODR13_N 0000000D

Symbol: GPIO_ODR_ODR13_N
   Definitions
      At line 15 in file inc\stm32f103c8.asm
   Uses
      None
Comment: GPIO_ODR_ODR13_N unused
PERIPH_BASE 40000000

Symbol: PERIPH_BASE
   Definitions
      At line 4 in file inc\stm32f103c8.asm
   Uses
      None
Comment: PERIPH_BASE unused
PERIPH_BB_BASE 42000000

Symbol: PERIPH_BB_BASE



ARM Macro Assembler    Page 2 Alphabetic symbol ordering
Absolute symbols

   Definitions
      At line 3 in file inc\stm32f103c8.asm
   Uses
      None
Comment: PERIPH_BB_BASE unused
RCC_APB2ENR 40021018

Symbol: RCC_APB2ENR
   Definitions
      At line 6 in file inc\stm32f103c8.asm
   Uses
      None
Comment: RCC_APB2ENR unused
RCC_APB2ENR_IOPCEN_N 00000004

Symbol: RCC_APB2ENR_IOPCEN_N
   Definitions
      At line 7 in file inc\stm32f103c8.asm
   Uses
      None
Comment: RCC_APB2ENR_IOPCEN_N unused
10 symbols
343 symbols in table
