ARM Linker, 5.03 [Build 76] [MDK-ARM Lite]

==============================================================================

Section Cross References

    main.o(RESET) refers to main.o(.text) for Start


==============================================================================

Image Symbol Table

    Local Symbols

    Symbol Name                              Value     Ov Type        Size  Object(Section)

    RESET                                    0x00000000   Section        8  main.o(RESET)
    INC\Hed98428.s                           0x00000000   Number         0  hed98428.o ABSOLUTE
    main.s                                   0x00000000   Number         0  main.o ABSOLUTE
    .text                                    0x00000008   Section       52  main.o(.text)
    Start                                    0x00000009   Thumb Code    40  main.o(.text)

    Global Symbols

    Symbol Name                              Value     Ov Type        Size  Object(Section)

    BuildAttributes$$THM_ISAv3M$S$PE$A:L22$X:L11$S22$IEEE1$IW$USESV6$~STKCKD$USESV7$~SHL$OSPACE$EBA8$STANDARDLIB$PRES8$EABIv2 0x00000000   Number         0  anon$$obj.o ABSOLUTE



==============================================================================

Memory Map of the image

  Image Entry point : 0x00000009

  Load Region LR_IROM1 (Base: 0x00000000, Size: 0x0000003c, Max: 0x00069000, ABSOLUTE)

    Execution Region ER_IROM1 (Base: 0x00000000, Size: 0x0000003c, Max: 0x00069000, ABSOLUTE)

    Base Addr    Size         Type   Attr      Idx    E Section Name        Object

    0x00000000   0x00000008   Data   RO            1    RESET               main.o
    0x00000008   0x00000034   Code   RO            2  * .text               main.o


    Execution Region RW_IRAM1 (Base: 0x20000000, Size: 0x00000000, Max: 0x00002700, ABSOLUTE, UNINIT)

    **** No section assigned to this execution region ****


==============================================================================

Image component sizes


      Code (inc. data)   RO Data    RW Data    ZI Data      Debug   Object Name

        52         12          8          0          0        292   main.o

    ----------------------------------------------------------------------
        52         12          8          0          0        292   Object Totals
         0          0          0          0          0          0   (incl. Generated)
         0          0          0          0          0          0   (incl. Padding)

    ----------------------------------------------------------------------
         0          0          0          0          0          0   Library Totals
         0          0          0          0          0          0   (incl. Padding)

    ----------------------------------------------------------------------

==============================================================================


      Code (inc. data)   RO Data    RW Data    ZI Data      Debug   

        52         12          8          0          0        292   Grand Totals
        52         12          8          0          0        292   ELF Image Totals
        52         12          8          0          0          0   ROM Totals

==============================================================================

    Total RO  Size (Code + RO Data)                   60 (   0.06kB)
    Total RW  Size (RW Data + ZI Data)                 0 (   0.00kB)
    Total ROM Size (Code + RO Data + RW Data)         60 (   0.06kB)

==============================================================================

