<html>
<body>
<pre>
<h1>µVision Build Log</h1>
<h2>Project:</h2>
E:\github\KeilAssembler\Lesson008\lesson008.uvproj
Project File Date:  11/03/2022

<h2>Output:</h2>
Rebuild target 'Target 1'
assembling main.s...
main.s(20): warning: A1865W: '#' not seen before constant expression
main.s(25): warning: A1865W: '#' not seen before constant expression
main.s(31): warning: A1865W: '#' not seen before constant expression
assembling Hed98428.s...
linking...
Program Size: Code=52 RO-data=8 RW-data=0 ZI-data=0  
FromELF: creating hex file...
".\lesson008.axf" - 0 Error(s), 3 Warning(s).
Load "E:\\github\\KeilAssembler\\Lesson008\\lesson008.axf" 
Full Chip Erase Done.
Programming Done.
Verify OK.
Application running...
</pre>
</body>
</html>
