Component: ARM Compiler 5.06 update 7 (build 960) Tool: armlink [4d3601]

==============================================================================

Section Cross References

    main.o(RESET) refers to main.o(.text) for Start


==============================================================================

Image Symbol Table

    Local Symbols

    Symbol Name                              Value     Ov Type        Size  Object(Section)

    inc\stm32f303rctx.asm                    0x00000000   Number         0  stm32f303rctx.o ABSOLUTE
    user\main.s                              0x00000000   Number         0  main.o ABSOLUTE
    RESET                                    0x08000000   Section        8  main.o(RESET)
    .text                                    0x08000008   Section       48  main.o(.text)
    Start                                    0x08000009   Thumb Code    34  main.o(.text)

    Global Symbols

    Symbol Name                              Value     Ov Type        Size  Object(Section)

    BuildAttributes$$THM_ISAv4$P$D$K$B$S$PE$A:L22UL41UL21$X:L11$S22US41US21$IEEE1$IW$USESV6$~STKCKD$USESV7$~SHL$OSPACE$EBA8$STANDARDLIB$PRES8$EABIv2 0x00000000   Number         0  anon$$obj.o ABSOLUTE



==============================================================================

Memory Map of the image

  Image Entry point : 0x08000009

  Load Region LR_IROM1 (Base: 0x08000000, Size: 0x00000038, Max: 0x00010000, ABSOLUTE)

    Execution Region ER_IROM1 (Exec base: 0x08000000, Load base: 0x08000000, Size: 0x00000038, Max: 0x00010000, ABSOLUTE)

    Exec Addr    Load Addr    Size         Type   Attr      Idx    E Section Name        Object

    0x08000000   0x08000000   0x00000008   Data   RO            1    RESET               main.o
    0x08000008   0x08000008   0x00000030   Code   RO            2  * .text               main.o


    Execution Region RW_IRAM1 (Exec base: 0x20000000, Load base: 0x08000038, Size: 0x00000000, Max: 0x00005000, ABSOLUTE)

    **** No section assigned to this execution region ****


==============================================================================

Image component sizes


      Code (inc. data)   RO Data    RW Data    ZI Data      Debug   Object Name

        48         14          8          0          0        332   main.o

    ----------------------------------------------------------------------
        48         14          8          0          0        332   Object Totals
         0          0          0          0          0          0   (incl. Generated)
         0          0          0          0          0          0   (incl. Padding)

    ----------------------------------------------------------------------
         0          0          0          0          0          0   Library Totals
         0          0          0          0          0          0   (incl. Padding)

    ----------------------------------------------------------------------

==============================================================================


      Code (inc. data)   RO Data    RW Data    ZI Data      Debug   

        48         14          8          0          0        332   Grand Totals
        48         14          8          0          0        332   ELF Image Totals
        48         14          8          0          0          0   ROM Totals

==============================================================================

    Total RO  Size (Code + RO Data)                   56 (   0.05kB)
    Total RW  Size (RW Data + ZI Data)                 0 (   0.00kB)
    Total ROM Size (Code + RO Data + RW Data)         56 (   0.05kB)

==============================================================================

