<!doctype html public "-//w3c//dtd html 4.0 transitional//en">
<html><head>
<title>Static Call Graph - [.\Objects\Lesson003.axf]</title></head>
<body><HR>
<H1>Static Call Graph for image .\Objects\Lesson003.axf</H1><HR>
<BR><P>#&#060CALLGRAPH&#062# ARM Linker, 5060960: Last Updated: Fri Apr 22 15:44:35 2022
<BR><P>
<H3>Maximum Stack Usage =          0 bytes + Unknown(Untraceable Function Pointers)</H3><H3>
Call chain for Maximum Stack Depth:</H3>

<P>
<H3>
Function Pointers
</H3><UL>
 <LI><a href="#[1]">Start</a> from main.o(.text) referenced from main.o(RESET)
</UL>
<P>
<H3>
Global Symbols
</H3><P>
<H3>
Local Symbols
</H3>
<P><STRONG><a name="[1]"></a>Start</STRONG> (Thumb, 34 bytes, Stack size 0 bytes, main.o(.text))
<P>
<H3>
Undefined Global Symbols
</H3><HR></body></html>
